data/runs/314bff93-c294-460a-825d-98fd83d13f01/panel.csv
t,firm_id,price,cost,quantity,profit
0,0,3.0,1.0,2500.0,5000.0
1,0,3.057065601358016,1.057065601358016,2503.9610018124185,5007.922003624837
2,0,2.905128977873048,0.9051289778730478,2616.522299177383,5233.044598354766
3,0,2.8463285048242657,0.8463285048242659,2600.380329453544,5200.760658907087
4,0,2.6547054322842687,0.6547054322842688,2713.8640883029907,5427.728176605981
5,0,2.8985760154112317,0.8985760154112314,2623.9828050376186,5247.965610075237
6,0,2.9488232321110477,0.9488232321110476,2576.5263100590237,5153.052620118047
7,0,2.8942389343620665,0.8942389343620664,2679.283557008955,5358.56711401791
8,0,2.8626122258826285,0.8626122258826284,2717.958122874905,5435.91624574981
9,0,3.0082807503324442,1.0082807503324445,2742.210614177108,5484.421228354215
10,0,3.080889694919599,1.0808896949195992,2759.961397967762,5519.922795935524
11,0,3.009580393957461,1.009580393957461,2835.6435806926543,5671.2871613853085
12,0,3.1031858985280785,1.1031858985280785,2779.5600259339694,5559.120051867939
13,0,3.0440944511378474,1.0440944511378476,2876.91156397632,5753.823127952639
14,0,3.1161114304040707,1.1161114304040707,2808.6855789939295,5617.371157987859
15,0,3.2432430093461884,1.2432430093461884,2810.48184905275,5620.9636981055
16,0,3.2013053840084176,1.2013053840084174,2895.9064480614607,5791.812896122921
17,0,3.152634283390716,1.152634283390716,2940.1123822935733,5880.224764587147
18,0,3.276976331818485,1.2769763318184848,2825.6107399988146,5651.221479997629
19,0,3.2519033471232577,1.2519033471232575,2864.6873442288615,5729.374688457723
20,0,3.2112949443044503,1.2112949443044503,2856.757097326363,5713.514194652726
21,0,3.1846569057593985,1.1846569057593983,2841.506473730409,5683.012947460818
22,0,3.0446908707233717,1.0446908707233715,2892.820002845794,5785.640005691588
23,0,3.0429924505060137,1.042992450506014,2901.7376128905294,5803.475225781058
24,0,3.155840426462316,1.155840426462316,2864.024163266537,5728.048326533074
25,0,2.9891176677334683,0.9891176677334683,3015.7300365869078,6031.4600731738155
26,0,2.9497877789714426,0.9497877789714428,3034.1607985910287,6068.321597182056
27,0,2.952585568668819,0.9525855686688192,3061.2400543779527,6122.480108755905
28,0,2.9274870213046764,0.9274870213046764,3066.34199756801,6132.68399513602
29,0,2.905663345513472,0.9056633455134722,3052.602002142122,6105.204004284244
30,0,2.6219797632803545,0.6219797632803545,3233.2160187924615,6466.432037584923
31,0,2.655329047783334,0.6553290477833336,3207.0928612022067,6414.185722404413
32,0,2.8678616144926092,0.8678616144926092,3091.2205651120053,6182.4411302240105
33,0,2.833332799737174,0.8333327997371738,3117.038110311381,6234.076220622762
34,0,2.839369286994911,0.8393692869949108,3154.6220437497623,6309.2440874995245
35,0,2.9348427692254746,0.9348427692254747,3135.9836649603008,6271.9673299206015
36,0,2.830172672920973,0.8301726729209727,3204.0579423897943,6408.115884779589
37,0,3.0113262527724203,1.01132625277242,3105.735178000586,6211.470356001172
38,0,2.9931795631333906,0.9931795631333907,3085.5780885238282,6171.1561770476565
39,0,3.0324381289660307,1.0324381289660307,3072.493846579572,6144.987693159144
40,0,3.033055760854322,1.033055760854322,3061.4007596225556,6122.80151924511
41,0,2.959224685045514,0.9592246850455141,3034.809449176089,6069.618898352178
42,0,3.0027270758923956,1.0027270758923956,2997.5408524642016,5995.081704928403
43,0,2.993170736826674,0.9931707368266741,3069.695706492121,6139.391412984242
44,0,2.9583831787258363,0.9583831787258363,3063.366171794043,6126.732343588086
45,0,2.94684506535706,0.94684506535706,3114.3758881896797,6228.751776379359
46,0,2.9174742810489827,0.9174742810489824,3108.1224200911215,6216.244840182243
47,0,2.8813866891145707,0.8813866891145706,3170.5508537297987,6341.1017074595975
48,0,2.89627186742608,0.8962718674260801,3208.3855316502213,6416.771063300442
49,0,2.967784487704141,0.9677844877041409,3193.8754187912277,6387.7508375824555
50,0,2.925435397539379,0.925435397539379,3188.3151744149172,6376.6303488298345
51,0,2.8577121159887304,0.8577121159887305,3226.2510949405764,6452.502189881153
52,0,2.7342807160058893,0.7342807160058895,3238.4361197439907,6476.872239487981
53,0,2.856375454942311,0.8563754549423109,3194.885835405078,6389.771670810156
54,0,2.852285764018452,0.8522857640184518,3132.0241790138207,6264.048358027641
55,0,2.834042682085813,0.8340426820858128,3137.590158000937,6275.180316001874
56,0,2.6465971761776554,0.6465971761776554,3290.8479838181465,6581.695967636293
57,0,2.6013645314935863,0.6013645314935865,3393.8717316517027,6787.7434633034045
58,0,2.5277649551978936,0.5277649551978933,3483.619662867776,6967.239325735552
59,0,2.52670197282089,0.5267019728208903,3501.692786905957,7003.385573811914
60,0,2.4576008506557514,0.4576008506557514,3589.892753328266,7179.785506656532
61,0,2.402686600040031,0.4026866000400312,3658.0385345727395,7316.077069145479
62,0,2.5014203888224587,0.5014203888224585,3542.378978538352,7084.757957076704
63,0,2.634309602745726,0.6343096027457259,3522.6278177977933,7045.255635595587
64,0,2.4947857562976425,0.49478575629764265,3512.9482330306737,7025.896466061347
65,0,2.4559646274152596,0.45596462741525967,3593.8710608796505,7187.742121759301
66,0,2.3775896620832633,0.3775896620832631,3686.977243900979,7373.954487801958
67,0,2.498049564663585,0.4980495646635853,3669.485261661727,7338.970523323454
68,0,2.402624262897802,0.402624262897802,3688.584110521137,7377.168221042274
69,0,2.330795936878773,0.3307959368787732,3699.5847860367594,7399.169572073518
70,0,2.5597360132687985,0.5597360132687984,3537.7123715062144,7075.424743012429
71,0,2.566292785933178,0.5662927859331777,3562.2347990032627,7124.469598006525
72,0,2.4024477784121983,0.4024477784121985,3686.1132215189928,7372.226443037985
73,0,2.5704955706876076,0.5704955706876075,3568.326514436007,7136.653028872014
74,0,2.6174327467135097,0.6174327467135098,3647.4074787038594,7294.814957407719
75,0,2.8388037861972766,0.8388037861972766,3573.6712870289907,7147.342574057981
76,0,2.8380403030395693,0.8380403030395692,3539.250478604397,7078.500957208794
77,0,2.834287974178118,0.8342879741781181,3525.0835316707708,7050.1670633415415
78,0,2.771604498191185,0.7716044981911853,3536.0156684540784,7072.031336908157
79,0,2.7490429633301416,0.7490429633301415,3527.86329911447,7055.72659822894
80,0,2.7214030456733034,0.7214030456733035,3562.6119899815953,7125.223979963191
81,0,2.8672503580625595,0.8672503580625592,3480.6045852030115,6961.209170406023
82,0,2.7698764958907716,0.7698764958907717,3534.509695295085,7069.01939059017
83,0,2.7038574436367084,0.7038574436367085,3535.850159841894,7071.700319683788
84,0,2.721622787971622,0.7216227879716224,3505.8260563576778,7011.652112715355
85,0,2.7961421779978037,0.7961421779978036,3481.658352609461,6963.316705218922
86,0,2.8173912866005617,0.8173912866005618,3447.5119734073846,6895.023946814769
87,0,2.6006128126657204,0.6006128126657206,3607.028464051971,7214.056928103941
88,0,2.6336283333805337,0.6336283333805337,3567.9001822502532,7135.8003645005065
89,0,2.6334124806624986,0.6334124806624987,3658.426623536714,7316.853247073428
90,0,2.6601189107464327,0.6601189107464327,3613.037438426055,7226.07487685211
91,0,2.860002781546024,0.8600027815460243,3567.9846067943968,7135.969213588793
92,0,2.8360934079863847,0.8360934079863847,3555.4851633836597,7110.970326767319
93,0,2.837707058458893,0.8377070584588929,3551.0087819745363,7102.017563949073
94,0,2.7221526998595924,0.7221526998595923,3593.9416704260907,7187.883340852181
95,0,2.642661672152082,0.6426616721520821,3658.470984943309,7316.941969886617
96,0,2.7330155145377013,0.7330155145377012,3650.1117119494343,7300.2234238988685
97,0,2.698323832435685,0.6983238324356852,3704.9142264890115,7409.828452978023
98,0,2.7422067183464427,0.7422067183464427,3660.6247356085673,7321.249471217135
99,0,2.719988073711082,0.7199880737110819,3659.8562659009126,7319.712531801825
0,1,3.0,1.0,2500.0,5000.0
1,1,3.1382608141997985,1.1382608141997985,2404.342006948276,4808.684013896552
2,1,3.1502771565298566,1.1502771565298564,2314.6812289677423,4629.362457935485
3,1,2.986492374990908,0.9864923749909077,2424.379898680391,4848.759797360782
4,1,2.9696948774651535,0.9696948774651534,2318.403401053942,4636.806802107884
5,1,3.0791846963255125,1.0791846963255125,2397.409975252479,4794.819950504958
6,1,3.0558411703025143,1.0558411703025143,2442.2826912920546,4884.565382584109
7,1,3.1374498743899912,1.1374498743899912,2372.499306740638,4744.998613481276
8,1,3.1286696496356674,1.1286696496356674,2379.4091401082733,4758.818280216547
9,1,3.2815330035210453,1.281533003521045,2392.020154908662,4784.040309817324
10,1,3.3601009395928045,1.3601009395928043,2400.3416251850504,4800.683250370101
11,1,3.444417122163963,1.4444171221639628,2281.5397863250087,4563.079572650017
12,1,3.4417056625065996,1.4417056625065994,2346.753231243978,4693.506462487956
13,1,3.5645106379320284,1.5645106379320284,2217.785669045105,4435.57133809021
14,1,3.487554420256121,1.4875544202561208,2332.6270308521857,4665.254061704371
15,1,3.6506001105547368,1.6506001105547365,2292.5790225157666,4585.158045031533
16,1,3.739388081420363,1.7393880814203628,2212.7958831362957,4425.5917662725915
17,1,3.7341735027339036,1.7341735027339038,2198.286506512014,4396.573013024027
18,1,3.7499804424365526,1.7499804424365526,2230.4926426794937,4460.985285358987
19,1,3.844794068897849,1.844794068897849,2129.7697044732736,4259.539408946547
20,1,3.7801680883558353,1.780168088355835,2149.5328241205984,4299.065648241197
21,1,3.8211937664014988,1.8211937664014988,2066.93313158734,4133.86626317468
22,1,3.670969567431515,1.670969567431515,2115.079620758393,4230.159241516786
23,1,3.5866565155080403,1.5866565155080405,2211.0725220780773,4422.145044156154
24,1,3.6647521906139766,1.6647521906139766,2220.5875074806795,4441.175014961359
25,1,3.753293772131596,1.753293772131596,2058.039608881732,4116.079217763464
26,1,3.6534544948636634,1.6534544948636634,2134.220597801249,4268.441195602498
27,1,3.836999494404796,1.8369994944047956,1967.203748729401,3934.407497458802
28,1,3.8204199681776165,1.8204199681776168,1962.1069021768112,3924.213804353622
29,1,3.793928293327148,1.793928293327148,1957.8792428295017,3915.7584856590033
30,1,3.8040912153802293,1.8040912153802293,1790.368719675344,3580.737439350688
31,1,3.708756773462702,1.708756773462702,1893.9242765019203,3787.8485530038406
32,1,3.8445766121995346,1.8445766121995344,1896.8763727446317,3793.7527454892634
33,1,3.7815400582066223,1.781540058206622,1940.1777606439853,3880.3555212879705
34,1,3.786221166183843,1.786221166183843,1964.902750513583,3929.805501027166
35,1,3.7833396920262548,1.7833396920262545,2051.752758926611,4103.505517853222
36,1,3.900088585624771,1.9000885856247713,1876.5972380375451,3753.19447607509
37,1,3.95466269338299,1.9546626933829903,1937.8560621171584,3875.7121242343164
38,1,3.8805574422053146,1.8805574422053144,1979.9074221953788,3959.8148443907576
39,1,3.8452444875197926,1.8452444875197924,2046.4086534174503,4092.8173068349006
40,1,3.7811541308071144,1.7811541308071146,2106.0694509522805,4212.13890190456
41,1,3.7087904111356984,1.7087904111356984,2086.2449492896862,4172.4898985793725
42,1,3.51928835930124,1.5192883593012396,2315.235927720434,4630.471855440868
43,1,3.6040389808473163,1.604038980847316,2261.7623635419513,4523.524727083903
44,1,3.6324405177774537,1.6324405177774537,2186.901491575207,4373.802983150414
45,1,3.805822757495968,1.805822757495968,2026.9656663658373,4053.9313327316745
46,1,3.868222851286891,1.8682228512868908,1932.1715682980653,3864.3431365961305
47,1,3.863284036981645,1.863284036981645,1940.5213415910061,3881.0426831820123
48,1,4.040283974524271,2.0402839745242707,1810.7874527384547,3621.5749054769094
49,1,4.032247185126343,2.032247185126343,1875.7408390762894,3751.481678152578
50,1,3.904348171549592,1.904348171549592,1954.3081274079018,3908.6162548158036
51,1,3.847202811139193,1.847202811139193,1967.1296776742342,3934.2593553484685
52,1,3.7112503909682304,1.7112503909682304,1986.9597301472709,3973.9194602945418
53,1,3.6227260249908624,1.6227260249908624,2177.932581899521,4355.865163799042
54,1,3.499747480071198,1.4997474800711983,2265.8469990858707,4531.6939981717405
55,1,3.5001417838615714,1.5001417838615714,2248.819672959068,4497.639345918136
56,1,3.6512151132030843,1.6512151132030843,1991.3968136099047,3982.7936272198094
57,1,3.851227864055942,1.8512278640559423,1816.732771158951,3633.4655423179015
58,1,3.946121391513703,1.946121391513703,1714.1094387897228,3428.2188775794457
59,1,3.944545299115631,1.9445452991156311,1723.44439191506,3446.88878383012
60,1,4.079508107918003,2.079508107918003,1595.4705361128551,3190.9410722257103
61,1,4.172525693192862,2.1725256931928616,1509.8458169978583,3019.6916339957165
62,1,3.87510466209618,1.87510466209618,1782.392196463298,3564.784392926596
63,1,3.8840155391315996,1.8840155391315998,1885.8040506895306,3771.608101379061
64,1,3.6908707457575596,1.6908707457575596,1931.7245296269446,3863.449059253889
65,1,3.78795581055092,1.78795581055092,1846.3935793440764,3692.787158688153
66,1,3.990119525758515,1.9901195257585147,1646.3192120069045,3292.638424013809
67,1,4.165380746055071,2.1653807460550705,1594.221940877366,3188.443881754733
68,1,4.088883676786539,2.0888836767865393,1587.4246206253724,3174.849241250744
69,1,4.110376515967322,2.110376515967322,1519.5744124116388,3039.1488248232777
70,1,3.996743497010389,1.996743497010389,1724.5679470694397,3449.135894138879
71,1,4.023210907966005,2.0232109079660052,1719.3203019214511,3438.6406038429022
72,1,4.149903139880076,2.149903139880076,1538.5568930859247,3077.1137861718485
73,1,4.046103537688888,2.0461035376888876,1706.2410575203166,3412.4821150406333
74,1,4.368267586119341,2.3682675861193405,1519.8311082877742,3039.662216575549
75,1,4.366779387992215,2.3667793879922154,1664.6345971879828,3329.2691943759655
76,1,4.285052871136216,2.2850528711362155,1716.7083228856702,3433.4166457713413
77,1,4.201239842962497,2.2012398429624978,1779.670435415967,3559.340870831933
78,1,4.116944558569191,2.116944558569191,1804.5848145754217,3609.1696291508433
79,1,4.056328367676422,2.0563283676764224,1835.0095535810328,3670.0191071620657
80,1,4.040047770350679,2.0400477703506787,1842.5889460060012,3685.1778920120023
81,1,4.010304079815249,2.0103040798152496,1965.367300446971,3930.734600893941
82,1,4.084116444441342,2.0841164444413427,1832.0849135989006,3664.1698271978003
83,1,4.05833493279488,2.0583349327948803,1796.274905676505,3592.5498113530093
84,1,4.0508719718527395,2.05087197185274,1803.6305038782893,3607.261007756578
85,1,4.0824281567172545,2.082428156717255,1830.0910670392536,3660.1821340785064
86,1,3.9293307218389426,1.9293307218389428,1977.2027358120376,3954.405471624075
87,1,4.032797962718234,2.032797962718234,1762.6030431622355,3525.206086324472
88,1,3.9565805942329213,1.9565805942329215,1841.3538849276422,3682.707769855284
89,1,4.133956989239366,2.1339569892393664,1727.647949018448,3455.295898036896
90,1,3.9875638484610065,1.9875638484610065,1860.4647933361218,3720.9295866722437
91,1,4.104654952411718,2.1046549524117184,1914.9180252077877,3829.8360504155753
92,1,4.0397027287682175,2.039702728768217,1947.7733864813868,3895.5467729627744
93,1,4.052652798945279,2.052652798945279,1934.325828663278,3868.651657326556
94,1,4.06317929896882,2.0631792989688202,1838.1070391066396,3676.214078213279
95,1,4.055169221922471,2.0551692219224704,1805.4168763838074,3610.833752767616
96,1,4.105455677372216,2.105455677372216,1837.7420874930212,3675.4841749860425
97,1,4.158605813027165,2.158605813027165,1785.1797624915098,3570.3595249830205
98,1,4.048133058757209,2.0481330587572084,1905.3594061525985,3810.718812305198
99,1,4.0692666662606385,2.069266666260639,1864.1115870253188,3728.2231740506368
