data/runs/314bff93-c294-460a-825d-98fd83d13f01/panel.csv
t,firm_id,price,cost,quantity,profit
0,2,3.0,1.0,2500.0,5000.0
1,2,3.023885375802866,1.023885375802866,2545.8484956196526,5091.696991239305
2,2,3.0347894609835406,1.0347894609835406,2452.274172677492,4904.548345354984
3,2,3.0277674274149815,1.0277674274149817,2374.8594424125213,4749.718884825042
4,2,3.0261563191343965,1.0261563191343965,2253.868422340077,4507.736844680154
5,2,3.1152001905478652,1.115200190547865,2354.624414672284,4709.248829344568
6,2,3.086886490251917,1.086886490251917,2404.6646885898977,4809.329377179795
7,2,3.226717928526221,1.226717928526221,2268.9335792414513,4537.867158482903
8,2,3.2994402435509347,1.2994402435509345,2184.6746141419158,4369.3492282838315
9,2,3.5196229791128415,1.5196229791128415,2123.5586167371216,4247.117233474243
10,2,3.646841561508265,1.6468415615082648,2079.7355788794257,4159.471157758851
11,2,3.661198556823475,1.6611985568234753,2047.1730522896817,4094.346104579363
12,2,3.669497950996695,1.669497950996695,2094.1267168880836,4188.253433776167
13,2,3.7430432053576297,1.7430432053576297,2028.3912030022543,4056.7824060045086
14,2,3.745863293972226,1.7458632939722263,2050.001811159955,4100.0036223199095
15,2,3.8390198075724893,1.8390198075724895,2086.457279378734,4172.914558757467
16,2,3.9462214608423167,1.946221460842317,1995.3912207407823,3990.782441481564
17,2,4.003329364722501,2.003329364722501,1921.4887289008398,3842.9774578016795
18,2,3.853210970184003,1.853210970184003,2118.2858773228772,4236.5717546457545
19,2,3.8344106456868063,1.8344106456868061,2140.8556070690042,4281.7112141380085
20,2,3.7919071954767123,1.7919071954767125,2136.9529812266765,4273.905962453352
21,2,3.6514172642294076,1.6514172642294074,2250.053920951842,4500.107841903684
22,2,3.6859652690290767,1.6859652690290765,2099.280373550019,4198.560747100038
23,2,3.801918473298093,1.8019184732980928,1985.4522521408644,3970.904504281729
24,2,3.8232857610547857,1.8232857610547855,2051.3641659862465,4102.728331972493
25,2,3.902071230532726,1.902071230532726,1910.5003179444532,3821.0006358889063
26,2,3.9969108636141466,1.9969108636141466,1797.4578050166936,3594.915610033387
27,2,3.89568823346874,1.8956882334687404,1910.3161425146925,3820.6322850293845
28,2,3.8792741246625644,1.8792741246625642,1905.2091026871685,3810.418205374337
29,2,3.815457217956421,1.8154572179564208,1936.916752886255,3873.83350577251
30,2,3.8574902494708674,1.8574902494708676,1743.1992427397327,3486.398485479465
31,2,3.9343663041432535,1.9343663041432533,1691.8900010936661,3383.7800021873322
32,2,3.8196324699453146,1.8196324699453146,1920.6824970313585,3841.364994062717
33,2,3.903121892565911,1.903121892565911,1825.7460187332535,3651.492037466507
34,2,4.045663642961859,2.0456636429618595,1725.8531619868925,3451.706323973784
35,2,4.187574557334328,2.1875745573343273,1676.2799111527884,3352.5598223055777
36,2,4.079848215880336,2.079848215880336,1715.2868771828657,3430.5737543657315
37,2,4.046727829822996,2.046727829822996,1850.6735818816692,3701.3471637633384
38,2,4.01743650599507,2.0174365059950694,1848.936400756965,3697.872801513931
39,2,4.092307077695718,2.092307077695718,1808.603653423405,3617.20730684681
40,2,4.127566486107181,2.1275664861071806,1771.1290298026083,3542.2580596052176
41,2,3.9555000457265717,1.9555000457265717,1844.1361523581356,3688.2723047162713
42,2,4.149230423321468,2.1492304233214674,1689.6823673511622,3379.364734702325
43,2,4.297763095803327,2.297763095803327,1598.846223473805,3197.69244694761
44,2,4.152259882465257,2.1522598824652572,1686.3661648367065,3372.732329673413
45,2,4.10621595756867,2.1062159575686703,1744.2825572548031,3488.5651145096062
46,2,3.9534293852134823,1.9534293852134823,1851.5835915196922,3703.1671830393843
47,2,4.1064369521767965,2.1064369521767965,1718.3769509493957,3436.7539018987914
48,2,4.083091658185106,2.0830916581851056,1772.4414839611027,3544.8829679222063
49,2,4.186501803522238,2.186501803522238,1736.5083233412554,3473.016646682511
50,2,4.2198976218021205,2.2198976218021205,1669.061523762263,3338.123047524526
51,2,4.285038108624185,2.285038108624185,1580.3681324446134,3160.7362648892276
52,2,4.225879737355493,2.225879737355493,1536.1680303647468,3072.3360607294935
53,2,4.4609210154853685,2.460921015485369,1432.2957472903233,2864.591494580646
54,2,4.364977592410982,2.3649775924109826,1470.1046428864875,2940.2092857729745
55,2,4.342281294096922,2.3422812940969218,1476.0000110390567,2952.0000220781135
56,2,4.31786909501679,2.31786909501679,1426.907218753803,2853.814437507606
57,2,4.378767670387935,2.3787676703879357,1395.5237655376454,2791.0475310752904
58,2,4.47068988184628,2.4706898818462797,1318.651235474726,2637.302470949452
59,2,4.550175221987978,2.550175221987978,1273.1700342730262,2546.340068546052
60,2,4.60838189202525,2.6083818920252497,1224.7439572306137,2449.4879144612273
61,2,4.675575960593257,2.6755759605932568,1174.0771138566631,2348.1542277133262
62,2,4.781544555631944,2.7815445556319447,1132.8498464599984,2265.6996929199963
63,2,5.0193885097600806,3.01938850976008,1068.9403137148822,2137.880627429765
64,2,4.924685821099441,2.9246858210994415,1042.3790043117071,2084.758008623414
65,2,5.083888314359181,3.0838883143591813,965.864298896622,1931.728597793244
66,2,5.028167620272896,3.028167620272896,979.7263001911364,1959.4526003822727
67,2,4.968811203308015,2.9688112033080154,1066.80753579918,2133.61507159836
68,2,4.943520133854003,2.943520133854003,1035.4071583323534,2070.814316664707
69,2,4.7909904381439095,2.7909904381439095,1081.2560155148426,2162.512031029685
70,2,4.722041307551936,2.722041307551936,1200.0073099181323,2400.0146198362645
71,2,4.816773984404145,2.8167739844041457,1156.2101000720238,2312.420200144047
72,2,4.840675367457433,2.8406753674574334,1089.2166638760903,2178.4333277521805
73,2,4.822845044333163,2.822845044333163,1157.1059136076692,2314.2118272153384
74,2,4.865383200092644,2.865383200092644,1185.353934304507,2370.7078686090144
75,2,5.0414097906325654,3.0414097906325654,1188.0228287540358,2376.0456575080716
76,2,4.9932585032153955,2.993258503215396,1204.790719905535,2409.5814398110697
77,2,5.039810981768411,3.0398109817684107,1170.1625012424918,2340.3250024849835
78,2,5.064914802588522,3.064914802588522,1123.3838485164222,2246.7676970328444
79,2,5.063034552322462,3.063034552322461,1109.263848190027,2218.5276963800543
80,2,5.199031159609228,3.199031159609228,1032.1870740308075,2064.374148061615
81,2,5.219956176767827,3.2199561767678273,1073.423529147005,2146.8470582940095
82,2,5.106414149938225,3.1064141499382254,1098.895695810929,2197.791391621858
83,2,4.981749249639862,2.9817492496398623,1132.0247746397065,2264.049549279413
84,2,4.891466629989488,2.8914666299894876,1184.7173834063549,2369.4347668127098
85,2,4.915559523666532,2.915559523666532,1206.5922277418247,2413.18445548365
86,2,5.052206547887885,3.0522065478878853,1127.7733173731947,2255.5466347463894
87,2,5.12023776782747,3.1202377678274704,1023.340028733823,2046.680057467646
88,2,5.132405422087686,3.1324054220876865,1022.8457505718524,2045.6915011437043
89,2,5.31852235627526,3.3185223562752597,955.4988039081236,1910.9976078162472
90,2,5.410247200648227,3.410247200648227,913.4603298117676,1826.9206596235351
91,2,5.508459915189373,3.508459915189374,949.1127612034185,1898.2255224068365
92,2,5.494156104402548,3.494156104402548,941.2562867512927,1882.5125735025854
93,2,5.446211041041826,3.4462110410418263,963.6566073876504,1927.3132147753004
94,2,5.3333200139998205,3.333320013999821,974.0096200411797,1948.019240082359
95,2,5.49778722030503,3.49778722030503,877.6411537295755,1755.282307459151
96,2,5.619451059082113,3.619451059082113,862.0344886081091,1724.0689772162182
97,2,5.751490462241142,3.7514904622411422,804.991784530466,1609.9835690609316
98,2,5.851415126104166,3.8514151261041656,773.3911226302664,1546.7822452605328
99,2,5.7210866369529265,3.7210866369529265,816.1758811728556,1632.3517623457112
